a=98, b=42
a=42, b=98
1024, -4096
-4096, 1024
2147483647, -2147483648
-2147483648, 2147483647
