02468
AxSho
Lrmismdlrstae,cnettraiicn lt e oeumdtmo niiutu aoee ooemgaaiu.U nma ii eim usnsrdeectto lac aoi iiu lqi xe omd osqa.Di ueiuedlri erhnei nvlpaevltes ilmdlr ufga ul aitr xetu itocea uiaa o riet uti up u fii eeutmli nmi s aou.

