Infinite loop incoming :(
Infinite loop avoided! \o/
