Date: 02/29/2000
Day of the year: 60
Remaining days: 306
