Hello 
World!
Hello W
World!
Hello W
Hello WWorld!
World!
Hello WWorld!
