Expect the best. Prepare for the worst. Capitalize on what comes.
hello world! hello-world 0123456hello world	hello world.hello world
Expect The Best. Prepare For The Worst. Capitalize On What Comes.
Hello World! Hello-world 0123456hello World	Hello World.Hello World
